C:\Users\tshis\IdeaProjects\rdc_touristique\src\main\java\com\example\rdc_touristique\data_access\entity\Bien.java
C:\Users\tshis\IdeaProjects\rdc_touristique\src\main\java\com\example\rdc_touristique\exeption\PersonneSimplifierFoundExeption.java
C:\Users\tshis\IdeaProjects\rdc_touristique\src\main\java\com\example\rdc_touristique\exeption\InfoBancaireExisteExeption.java
C:\Users\tshis\IdeaProjects\rdc_touristique\src\main\java\com\example\rdc_touristique\security\config\JwtUserDetailsService.java
C:\Users\tshis\IdeaProjects\rdc_touristique\src\main\java\com\example\rdc_touristique\data_access\entity\Pays.java
C:\Users\tshis\IdeaProjects\rdc_touristique\src\main\java\com\example\rdc_touristique\business\dto\PersonneVuDTO.java
C:\Users\tshis\IdeaProjects\rdc_touristique\src\main\java\com\example\rdc_touristique\business\dto\DetailesDTO.java
C:\Users\tshis\IdeaProjects\rdc_touristique\src\main\java\com\example\rdc_touristique\rest_api\ImageUploadController.java
C:\Users\tshis\IdeaProjects\rdc_touristique\src\main\java\com\example\rdc_touristique\business\mapper\ProvinceMapper.java
C:\Users\tshis\IdeaProjects\rdc_touristique\src\main\java\com\example\rdc_touristique\business\mapper\ContactUserMapper.java
C:\Users\tshis\IdeaProjects\rdc_touristique\src\main\java\com\example\rdc_touristique\data_access\repository\ImageRepository.java
C:\Users\tshis\IdeaProjects\rdc_touristique\src\main\java\com\example\rdc_touristique\rest_api\CoordonneeController.java
C:\Users\tshis\IdeaProjects\rdc_touristique\src\main\java\com\example\rdc_touristique\exeption\Type_bienFoundExeption.java
C:\Users\tshis\IdeaProjects\rdc_touristique\src\main\java\com\example\rdc_touristique\business\dto\InfoBancaireDTO.java
C:\Users\tshis\IdeaProjects\rdc_touristique\src\main\java\com\example\rdc_touristique\exeption\Lien_photoFoundExeption.java
C:\Users\tshis\IdeaProjects\rdc_touristique\src\main\java\com\example\rdc_touristique\business\dto\IdentifiedDTO.java
C:\Users\tshis\IdeaProjects\rdc_touristique\src\main\java\com\example\rdc_touristique\business\dto\RollDTO.java
C:\Users\tshis\IdeaProjects\rdc_touristique\src\main\java\com\example\rdc_touristique\business\dto\ContratLocationDTO.java
C:\Users\tshis\IdeaProjects\rdc_touristique\src\main\java\com\example\rdc_touristique\data_access\entity\Service.java
C:\Users\tshis\IdeaProjects\rdc_touristique\src\main\java\com\example\rdc_touristique\business\dto\DocOfficielDTO.java
C:\Users\tshis\IdeaProjects\rdc_touristique\src\main\java\com\example\rdc_touristique\security\config\JwtRequest.java
C:\Users\tshis\IdeaProjects\rdc_touristique\src\main\java\com\example\rdc_touristique\rest_api\BienController.java
C:\Users\tshis\IdeaProjects\rdc_touristique\src\main\java\com\example\rdc_touristique\data_access\repository\TypeRepository.java
C:\Users\tshis\IdeaProjects\rdc_touristique\src\main\java\com\example\rdc_touristique\business\dto\ImageProvinceDTO.java
C:\Users\tshis\IdeaProjects\rdc_touristique\src\main\java\com\example\rdc_touristique\exeption\TypeFoundExeption.java
C:\Users\tshis\IdeaProjects\rdc_touristique\src\main\java\com\example\rdc_touristique\business\mapper\PassWordMapper.java
C:\Users\tshis\IdeaProjects\rdc_touristique\src\main\java\com\example\rdc_touristique\business\dto\ModifPassDTO.java
C:\Users\tshis\IdeaProjects\rdc_touristique\src\main\java\com\example\rdc_touristique\exeption\ProvinceFoundExeption.java
C:\Users\tshis\IdeaProjects\rdc_touristique\src\main\java\com\example\rdc_touristique\exeption\ElementAlreadyExistsException.java
C:\Users\tshis\IdeaProjects\rdc_touristique\src\main\java\com\example\rdc_touristique\data_access\entity\Province.java
C:\Users\tshis\IdeaProjects\rdc_touristique\src\main\java\com\example\rdc_touristique\business\dto\VilleDTO.java
C:\Users\tshis\IdeaProjects\rdc_touristique\src\main\java\com\example\rdc_touristique\business\service\Type_bienService.java
C:\Users\tshis\IdeaProjects\rdc_touristique\src\main\java\com\example\rdc_touristique\data_access\entity\ImageProvince.java
C:\Users\tshis\IdeaProjects\rdc_touristique\src\main\java\com\example\rdc_touristique\business\mapper\ContratLocationMapper.java
C:\Users\tshis\IdeaProjects\rdc_touristique\src\main\java\com\example\rdc_touristique\rest_api\model\raport\ElementRapport.java
C:\Users\tshis\IdeaProjects\rdc_touristique\src\main\java\com\example\rdc_touristique\business\service\ServiceService.java
C:\Users\tshis\IdeaProjects\rdc_touristique\src\main\java\com\example\rdc_touristique\business\service\RollPersonneService.java
C:\Users\tshis\IdeaProjects\rdc_touristique\src\main\java\com\example\rdc_touristique\business\dto\CoordonneeDTO.java
C:\Users\tshis\IdeaProjects\rdc_touristique\src\main\java\com\example\rdc_touristique\data_access\repository\DocofficielRepository.java
C:\Users\tshis\IdeaProjects\rdc_touristique\src\main\java\com\example\rdc_touristique\business\dto\PersonneSimplifierDTO.java
C:\Users\tshis\IdeaProjects\rdc_touristique\src\main\java\com\example\rdc_touristique\data_access\repository\AdressUserReposytory.java
C:\Users\tshis\IdeaProjects\rdc_touristique\src\main\java\com\example\rdc_touristique\exeption\VilleExisteExeption.java
C:\Users\tshis\IdeaProjects\rdc_touristique\src\main\java\com\example\rdc_touristique\business\dto\FavoryDTO.java
C:\Users\tshis\IdeaProjects\rdc_touristique\src\main\java\com\example\rdc_touristique\rest_api\model\raport\ExistsRaport.java
C:\Users\tshis\IdeaProjects\rdc_touristique\src\main\java\com\example\rdc_touristique\data_access\entity\ContratMisEnLigne.java
C:\Users\tshis\IdeaProjects\rdc_touristique\src\main\java\com\example\rdc_touristique\data_access\repository\Action_persone.java
C:\Users\tshis\IdeaProjects\rdc_touristique\src\main\java\com\example\rdc_touristique\business\dto\LikeBienDTO.java
C:\Users\tshis\IdeaProjects\rdc_touristique\src\main\java\com\example\rdc_touristique\exeption\InfoBancaireFoundExeption.java
C:\Users\tshis\IdeaProjects\rdc_touristique\src\main\java\com\example\rdc_touristique\data_access\entity\ContactPersonne.java
C:\Users\tshis\IdeaProjects\rdc_touristique\src\main\java\com\example\rdc_touristique\data_access\entity\BaseEntity.java
C:\Users\tshis\IdeaProjects\rdc_touristique\src\main\java\com\example\rdc_touristique\business\dto\Type_bienDTO.java
C:\Users\tshis\IdeaProjects\rdc_touristique\src\main\java\com\example\rdc_touristique\data_access\repository\AladispositionRepository.java
C:\Users\tshis\IdeaProjects\rdc_touristique\src\main\java\com\example\rdc_touristique\data_access\entity\AdressePersonne.java
C:\Users\tshis\IdeaProjects\rdc_touristique\src\main\java\com\example\rdc_touristique\data_access\entity\Aladisposition.java
C:\Users\tshis\IdeaProjects\rdc_touristique\src\main\java\com\example\rdc_touristique\business\mapper\PaysMapper.java
C:\Users\tshis\IdeaProjects\rdc_touristique\src\main\java\com\example\rdc_touristique\business\dto\MdpDTO.java
C:\Users\tshis\IdeaProjects\rdc_touristique\src\main\java\com\example\rdc_touristique\exeption\DureeLocationFoundExeption.java
C:\Users\tshis\IdeaProjects\rdc_touristique\src\main\java\com\example\rdc_touristique\exeption\CoordonneeFoundExeption.java
C:\Users\tshis\IdeaProjects\rdc_touristique\src\main\java\com\example\rdc_touristique\business\dto\ImageModelDTO.java
C:\Users\tshis\IdeaProjects\rdc_touristique\src\main\java\com\example\rdc_touristique\exeption\ContratLocationFoundExeption.java
C:\Users\tshis\IdeaProjects\rdc_touristique\src\main\java\com\example\rdc_touristique\business\dto\BienVuDTO.java
C:\Users\tshis\IdeaProjects\rdc_touristique\src\main\java\com\example\rdc_touristique\exeption\PaysExisteExeption.java
C:\Users\tshis\IdeaProjects\rdc_touristique\src\main\java\com\example\rdc_touristique\exeption\ServiceExisteExeption.java
C:\Users\tshis\IdeaProjects\rdc_touristique\src\main\java\com\example\rdc_touristique\business\dto\ProvinceDTO.java
C:\Users\tshis\IdeaProjects\rdc_touristique\src\main\java\com\example\rdc_touristique\RdcTouristiqueApplication.java
C:\Users\tshis\IdeaProjects\rdc_touristique\src\main\java\com\example\rdc_touristique\exeption\BienExisteExeption.java
C:\Users\tshis\IdeaProjects\rdc_touristique\src\main\java\com\example\rdc_touristique\data_access\repository\PassWordRepository.java
C:\Users\tshis\IdeaProjects\rdc_touristique\src\main\java\com\example\rdc_touristique\exeption\AdressUserFoundExeption.java
C:\Users\tshis\IdeaProjects\rdc_touristique\src\main\java\com\example\rdc_touristique\exeption\TypeExisteExeption.java
C:\Users\tshis\IdeaProjects\rdc_touristique\src\main\java\com\example\rdc_touristique\rest_api\model\container\ElementsContainer.java
C:\Users\tshis\IdeaProjects\rdc_touristique\src\main\java\com\example\rdc_touristique\business\mapper\BienVuSimplierMapper.java
C:\Users\tshis\IdeaProjects\rdc_touristique\src\main\java\com\example\rdc_touristique\data_access\entity\RolePersonne.java
C:\Users\tshis\IdeaProjects\rdc_touristique\src\main\java\com\example\rdc_touristique\rest_api\DocOfficielController.java
C:\Users\tshis\IdeaProjects\rdc_touristique\src\main\java\com\example\rdc_touristique\rest_api\edviser\ControlleurAdviser.java
C:\Users\tshis\IdeaProjects\rdc_touristique\src\main\java\com\example\rdc_touristique\business\dto\PersonneSimpleDTO.java
C:\Users\tshis\IdeaProjects\rdc_touristique\src\main\java\com\example\rdc_touristique\exeption\Lien_photoExisteExeption.java
C:\Users\tshis\IdeaProjects\rdc_touristique\src\main\java\com\example\rdc_touristique\business\mapper\CoordonneeMapper.java
C:\Users\tshis\IdeaProjects\rdc_touristique\src\main\java\com\example\rdc_touristique\exeption\ActionFoundExeption.java
C:\Users\tshis\IdeaProjects\rdc_touristique\src\main\java\com\example\rdc_touristique\Email\StringText.java
C:\Users\tshis\IdeaProjects\rdc_touristique\src\main\java\com\example\rdc_touristique\security\config\JwtResponse.java
C:\Users\tshis\IdeaProjects\rdc_touristique\src\main\java\com\example\rdc_touristique\business\dto\BienVuSimplifierDTO.java
C:\Users\tshis\IdeaProjects\rdc_touristique\src\main\java\com\example\rdc_touristique\exeption\Type_bienExisteExeption.java
C:\Users\tshis\IdeaProjects\rdc_touristique\src\main\java\com\example\rdc_touristique\business\mapper\PersonneSimplifierMapper.java
C:\Users\tshis\IdeaProjects\rdc_touristique\src\main\java\com\example\rdc_touristique\data_access\entity\Ville.java
C:\Users\tshis\IdeaProjects\rdc_touristique\src\main\java\com\example\rdc_touristique\business\service\ImageProvinceService.java
C:\Users\tshis\IdeaProjects\rdc_touristique\src\main\java\com\example\rdc_touristique\data_access\repository\ContratMisEnLigneRepository.java
C:\Users\tshis\IdeaProjects\rdc_touristique\src\main\java\com\example\rdc_touristique\data_access\repository\BienRepository.java
C:\Users\tshis\IdeaProjects\rdc_touristique\src\main\java\com\example\rdc_touristique\exeption\ContratMisEnLigneExisteExeption.java
C:\Users\tshis\IdeaProjects\rdc_touristique\src\main\java\com\example\rdc_touristique\rest_api\TypeController.java
C:\Users\tshis\IdeaProjects\rdc_touristique\src\main\java\com\example\rdc_touristique\business\dto\DureeOnLineDTO.java
C:\Users\tshis\IdeaProjects\rdc_touristique\src\main\java\com\example\rdc_touristique\data_access\repository\ImageProvinceRepository.java
C:\Users\tshis\IdeaProjects\rdc_touristique\src\main\java\com\example\rdc_touristique\business\service\ProvinceService.java
C:\Users\tshis\IdeaProjects\rdc_touristique\src\main\java\com\example\rdc_touristique\rest_api\ImageVilleController.java
C:\Users\tshis\IdeaProjects\rdc_touristique\src\main\java\com\example\rdc_touristique\data_access\entity\InfoBancairePersonne.java
C:\Users\tshis\IdeaProjects\rdc_touristique\src\main\java\com\example\rdc_touristique\exeption\ServiceFoundExeption.java
C:\Users\tshis\IdeaProjects\rdc_touristique\src\main\java\com\example\rdc_touristique\business\mapper\BienMapper.java
C:\Users\tshis\IdeaProjects\rdc_touristique\src\main\java\com\example\rdc_touristique\data_access\entity\ImageVille.java
C:\Users\tshis\IdeaProjects\rdc_touristique\src\main\java\com\example\rdc_touristique\exeption\PassWordExisteExeption.java
C:\Users\tshis\IdeaProjects\rdc_touristique\src\main\java\com\example\rdc_touristique\data_access\repository\CoordonneeRepository.java
C:\Users\tshis\IdeaProjects\rdc_touristique\src\main\java\com\example\rdc_touristique\business\service\ContratMisEnLigneService.java
C:\Users\tshis\IdeaProjects\rdc_touristique\src\main\java\com\example\rdc_touristique\rest_api\model\raport\FoundRaport.java
C:\Users\tshis\IdeaProjects\rdc_touristique\src\main\java\com\example\rdc_touristique\business\mapper\RollMapper.java
C:\Users\tshis\IdeaProjects\rdc_touristique\src\main\java\com\example\rdc_touristique\rest_api\CrudController.java
C:\Users\tshis\IdeaProjects\rdc_touristique\src\main\java\com\example\rdc_touristique\business\service\TypeService.java
C:\Users\tshis\IdeaProjects\rdc_touristique\src\main\java\com\example\rdc_touristique\security\config\JwtTokenUtil.java
C:\Users\tshis\IdeaProjects\rdc_touristique\src\main\java\com\example\rdc_touristique\business\mapper\DocOfficielMapper.java
C:\Users\tshis\IdeaProjects\rdc_touristique\src\main\java\com\example\rdc_touristique\business\mapper\Type_serviceMapper.java
C:\Users\tshis\IdeaProjects\rdc_touristique\src\main\java\com\example\rdc_touristique\business\service\CoordonneeService.java
C:\Users\tshis\IdeaProjects\rdc_touristique\src\main\java\com\example\rdc_touristique\business\dto\DetailsDTO.java
C:\Users\tshis\IdeaProjects\rdc_touristique\src\main\java\com\example\rdc_touristique\business\service\AladispositionService.java
C:\Users\tshis\IdeaProjects\rdc_touristique\src\main\java\com\example\rdc_touristique\business\mapper\DetailsMapper.java
C:\Users\tshis\IdeaProjects\rdc_touristique\src\main\java\com\example\rdc_touristique\business\dto\BienDTO.java
C:\Users\tshis\IdeaProjects\rdc_touristique\src\main\java\com\example\rdc_touristique\data_access\repository\ServiceRepository.java
C:\Users\tshis\IdeaProjects\rdc_touristique\src\main\java\com\example\rdc_touristique\data_access\entity\ContratLocation.java
C:\Users\tshis\IdeaProjects\rdc_touristique\src\main\java\com\example\rdc_touristique\data_access\repository\ContratLocationRepository.java
C:\Users\tshis\IdeaProjects\rdc_touristique\src\main\java\com\example\rdc_touristique\business\mapper\PersonneInfoMapper.java
C:\Users\tshis\IdeaProjects\rdc_touristique\src\main\java\com\example\rdc_touristique\security\config\JwtAuthenticationEntryPoint.java
C:\Users\tshis\IdeaProjects\rdc_touristique\src\main\java\com\example\rdc_touristique\rest_api\ContactUserController.java
C:\Users\tshis\IdeaProjects\rdc_touristique\src\main\java\com\example\rdc_touristique\data_access\entity\ImageBien.java
C:\Users\tshis\IdeaProjects\rdc_touristique\src\main\java\com\example\rdc_touristique\data_access\repository\PersonneReposytory.java
C:\Users\tshis\IdeaProjects\rdc_touristique\src\main\java\com\example\rdc_touristique\business\mapper\ContratMisEnLigneMapper.java
C:\Users\tshis\IdeaProjects\rdc_touristique\src\main\java\com\example\rdc_touristique\data_access\entity\PassWord.java
C:\Users\tshis\IdeaProjects\rdc_touristique\src\main\java\com\example\rdc_touristique\exeption\CoordonneeExisteExeption.java
C:\Users\tshis\IdeaProjects\rdc_touristique\src\main\java\com\example\rdc_touristique\business\dto\ContratMisEnLigneDTO.java
C:\Users\tshis\IdeaProjects\rdc_touristique\src\main\java\com\example\rdc_touristique\exeption\ContratLocationExisteExeption.java
C:\Users\tshis\IdeaProjects\rdc_touristique\src\main\java\com\example\rdc_touristique\business\dto\Type_serviceDTO.java
C:\Users\tshis\IdeaProjects\rdc_touristique\src\main\java\com\example\rdc_touristique\business\dto\ServiceDTO.java
C:\Users\tshis\IdeaProjects\rdc_touristique\src\main\java\com\example\rdc_touristique\rest_api\AbstratCrudController.java
C:\Users\tshis\IdeaProjects\rdc_touristique\src\main\java\com\example\rdc_touristique\business\dto\PassWordDTO.java
C:\Users\tshis\IdeaProjects\rdc_touristique\src\main\java\com\example\rdc_touristique\exeption\RollExisteExeption.java
C:\Users\tshis\IdeaProjects\rdc_touristique\src\main\java\com\example\rdc_touristique\business\service\ImageVilleService.java
C:\Users\tshis\IdeaProjects\rdc_touristique\src\main\java\com\example\rdc_touristique\Email\EngistrementEmail.java
C:\Users\tshis\IdeaProjects\rdc_touristique\src\main\java\com\example\rdc_touristique\contrat\TextContrat.java
C:\Users\tshis\IdeaProjects\rdc_touristique\src\main\java\com\example\rdc_touristique\exeption\RollFoundExeption.java
C:\Users\tshis\IdeaProjects\rdc_touristique\src\main\java\com\example\rdc_touristique\business\mapper\PersonneSimpleMaper.java
C:\Users\tshis\IdeaProjects\rdc_touristique\src\main\java\com\example\rdc_touristique\business\mapper\InfoBancaireMapper.java
C:\Users\tshis\IdeaProjects\rdc_touristique\src\main\java\com\example\rdc_touristique\business\dto\ImageVilleDTO.java
C:\Users\tshis\IdeaProjects\rdc_touristique\src\main\java\com\example\rdc_touristique\rest_api\VilleController.java
C:\Users\tshis\IdeaProjects\rdc_touristique\src\main\java\com\example\rdc_touristique\exeption\PersonneSimpleFoundExeption.java
C:\Users\tshis\IdeaProjects\rdc_touristique\src\main\java\com\example\rdc_touristique\data_access\repository\ImageVilleRepository.java
C:\Users\tshis\IdeaProjects\rdc_touristique\src\main\java\com\example\rdc_touristique\business\mapper\ServiceMapper.java
C:\Users\tshis\IdeaProjects\rdc_touristique\src\main\java\com\example\rdc_touristique\business\mapper\VilleVuMapper.java
C:\Users\tshis\IdeaProjects\rdc_touristique\src\main\java\com\example\rdc_touristique\exeption\ContactUserFoundExeption.java
C:\Users\tshis\IdeaProjects\rdc_touristique\src\main\java\com\example\rdc_touristique\business\mapper\BienVuMapper.java
C:\Users\tshis\IdeaProjects\rdc_touristique\src\main\java\com\example\rdc_touristique\data_access\repository\InfoBancaireRepository.java
C:\Users\tshis\IdeaProjects\rdc_touristique\src\main\java\com\example\rdc_touristique\exeption\PersonneInfoExisteExeption.java
C:\Users\tshis\IdeaProjects\rdc_touristique\src\main\java\com\example\rdc_touristique\business\dto\PayPalDTO.java
C:\Users\tshis\IdeaProjects\rdc_touristique\src\main\java\com\example\rdc_touristique\business\mapper\PersonneCreaMapper.java
C:\Users\tshis\IdeaProjects\rdc_touristique\src\main\java\com\example\rdc_touristique\exeption\BienFoundExeption.java
C:\Users\tshis\IdeaProjects\rdc_touristique\src\main\java\com\example\rdc_touristique\business\dto\ReservationBienDTO.java
C:\Users\tshis\IdeaProjects\rdc_touristique\src\main\java\com\example\rdc_touristique\business\dto\AdressUserDTO.java
C:\Users\tshis\IdeaProjects\rdc_touristique\src\main\java\com\example\rdc_touristique\security\config\SecurityConfigurer.java
C:\Users\tshis\IdeaProjects\rdc_touristique\src\main\java\com\example\rdc_touristique\business\dto\PersonneInfoDTO.java
C:\Users\tshis\IdeaProjects\rdc_touristique\src\main\java\com\example\rdc_touristique\rest_api\AdressUserController.java
C:\Users\tshis\IdeaProjects\rdc_touristique\src\main\java\com\example\rdc_touristique\business\dto\AladispositionDTO.java
C:\Users\tshis\IdeaProjects\rdc_touristique\src\main\java\com\example\rdc_touristique\business\service\ContactPersonneService.java
C:\Users\tshis\IdeaProjects\rdc_touristique\src\main\java\com\example\rdc_touristique\exeption\ElementFoundException.java
C:\Users\tshis\IdeaProjects\rdc_touristique\src\main\java\com\example\rdc_touristique\rest_api\ProvinceController.java
C:\Users\tshis\IdeaProjects\rdc_touristique\src\main\java\com\example\rdc_touristique\data_access\entity\Coordonnee.java
C:\Users\tshis\IdeaProjects\rdc_touristique\src\main\java\com\example\rdc_touristique\business\dto\VilleVuDTO.java
C:\Users\tshis\IdeaProjects\rdc_touristique\src\main\java\com\example\rdc_touristique\data_access\repository\ProvinceRepository.java
C:\Users\tshis\IdeaProjects\rdc_touristique\src\main\java\com\example\rdc_touristique\exeption\PersonneInfoFoundExeption.java
C:\Users\tshis\IdeaProjects\rdc_touristique\src\main\java\com\example\rdc_touristique\data_access\repository\VilleRepository.java
C:\Users\tshis\IdeaProjects\rdc_touristique\src\main\java\com\example\rdc_touristique\business\service\PersonneService.java
C:\Users\tshis\IdeaProjects\rdc_touristique\src\main\java\com\example\rdc_touristique\security\config\JwtRequestFilter.java
C:\Users\tshis\IdeaProjects\rdc_touristique\src\main\java\com\example\rdc_touristique\rest_api\ImageProvinceController.java
C:\Users\tshis\IdeaProjects\rdc_touristique\src\main\java\com\example\rdc_touristique\exeption\DureeLocationExisteExeption.java
C:\Users\tshis\IdeaProjects\rdc_touristique\src\main\java\com\example\rdc_touristique\exeption\PaysFoundExeption.java
C:\Users\tshis\IdeaProjects\rdc_touristique\src\main\java\com\example\rdc_touristique\rest_api\ContratMisEnLigneController.java
C:\Users\tshis\IdeaProjects\rdc_touristique\src\main\java\com\example\rdc_touristique\business\mapper\Type_bienMapper.java
C:\Users\tshis\IdeaProjects\rdc_touristique\src\main\java\com\example\rdc_touristique\data_access\repository\PaysRepository.java
C:\Users\tshis\IdeaProjects\rdc_touristique\src\main\java\com\example\rdc_touristique\exeption\PersonneSimplifierExisteExeption.java
C:\Users\tshis\IdeaProjects\rdc_touristique\src\main\java\com\example\rdc_touristique\data_access\repository\Type_bienRepository.java
C:\Users\tshis\IdeaProjects\rdc_touristique\src\main\java\com\example\rdc_touristique\business\mapper\VilleMapper.java
C:\Users\tshis\IdeaProjects\rdc_touristique\src\main\java\com\example\rdc_touristique\rest_api\ServiceController.java
C:\Users\tshis\IdeaProjects\rdc_touristique\src\main\java\com\example\rdc_touristique\business\mapper\AdressUserMapper.java
C:\Users\tshis\IdeaProjects\rdc_touristique\src\main\java\com\example\rdc_touristique\data_access\repository\ContactUserRepository.java
C:\Users\tshis\IdeaProjects\rdc_touristique\src\main\java\com\example\rdc_touristique\business\dto\CreatPersonneDTO.java
C:\Users\tshis\IdeaProjects\rdc_touristique\src\main\java\com\example\rdc_touristique\business\mapper\ImageModelMapper.java
C:\Users\tshis\IdeaProjects\rdc_touristique\src\main\java\com\example\rdc_touristique\security\config\constParam.java
C:\Users\tshis\IdeaProjects\rdc_touristique\src\main\java\com\example\rdc_touristique\data_access\repository\DetailsRepository.java
C:\Users\tshis\IdeaProjects\rdc_touristique\src\main\java\com\example\rdc_touristique\business\dto\ActionDTO.java
C:\Users\tshis\IdeaProjects\rdc_touristique\src\main\java\com\example\rdc_touristique\data_access\entity\Type_bien.java
C:\Users\tshis\IdeaProjects\rdc_touristique\src\main\java\com\example\rdc_touristique\exeption\ProvinceExisteExeption.java
C:\Users\tshis\IdeaProjects\rdc_touristique\src\main\java\com\example\rdc_touristique\business\service\VilleService.java
C:\Users\tshis\IdeaProjects\rdc_touristique\src\main\java\com\example\rdc_touristique\exeption\PassWordFoundExeption.java
C:\Users\tshis\IdeaProjects\rdc_touristique\src\main\java\com\example\rdc_touristique\business\mapper\Mapper.java
C:\Users\tshis\IdeaProjects\rdc_touristique\src\main\java\com\example\rdc_touristique\exeption\AdressUserExisteExeption.java
C:\Users\tshis\IdeaProjects\rdc_touristique\src\main\java\com\example\rdc_touristique\business\dto\PaysDTO.java
C:\Users\tshis\IdeaProjects\rdc_touristique\src\main\java\com\example\rdc_touristique\business\service\InfoBancairePersonneService.java
C:\Users\tshis\IdeaProjects\rdc_touristique\src\main\java\com\example\rdc_touristique\data_access\entity\Personne.java
C:\Users\tshis\IdeaProjects\rdc_touristique\src\main\java\com\example\rdc_touristique\business\dto\ContactUserDTO.java
C:\Users\tshis\IdeaProjects\rdc_touristique\src\main\java\com\example\rdc_touristique\rest_api\InfoBancaireController.java
C:\Users\tshis\IdeaProjects\rdc_touristique\src\main\java\com\example\rdc_touristique\business\dto\EtatDemandeDTO.java
C:\Users\tshis\IdeaProjects\rdc_touristique\src\main\java\com\example\rdc_touristique\business\mapper\AladispositionMapper.java
C:\Users\tshis\IdeaProjects\rdc_touristique\src\main\java\com\example\rdc_touristique\exeption\ContratMisEnLigneFoundExeption.java
C:\Users\tshis\IdeaProjects\rdc_touristique\src\main\java\com\example\rdc_touristique\exeption\VilleFoundExeption.java
C:\Users\tshis\IdeaProjects\rdc_touristique\src\main\java\com\example\rdc_touristique\business\dto\ProvinceVuDTO.java
C:\Users\tshis\IdeaProjects\rdc_touristique\src\main\java\com\example\rdc_touristique\business\mapper\ProvinceVuMapper.java
C:\Users\tshis\IdeaProjects\rdc_touristique\src\main\java\com\example\rdc_touristique\business\service\DocOfficielService.java
C:\Users\tshis\IdeaProjects\rdc_touristique\src\main\java\com\example\rdc_touristique\rest_api\PaysControlleur.java
C:\Users\tshis\IdeaProjects\rdc_touristique\src\main\java\com\example\rdc_touristique\exeption\FoundExeption.java
C:\Users\tshis\IdeaProjects\rdc_touristique\src\main\java\com\example\rdc_touristique\business\service\PaysService.java
C:\Users\tshis\IdeaProjects\rdc_touristique\src\main\java\com\example\rdc_touristique\business\service\ImageModelService.java
C:\Users\tshis\IdeaProjects\rdc_touristique\src\main\java\com\example\rdc_touristique\data_access\repository\RollRepository.java
C:\Users\tshis\IdeaProjects\rdc_touristique\src\main\java\com\example\rdc_touristique\data_access\entity\DocOfficielPersonne.java
C:\Users\tshis\IdeaProjects\rdc_touristique\src\main\java\com\example\rdc_touristique\business\dto\TryListAllBiens.java
C:\Users\tshis\IdeaProjects\rdc_touristique\src\main\java\com\example\rdc_touristique\data_access\entity\Details.java
C:\Users\tshis\IdeaProjects\rdc_touristique\src\main\java\com\example\rdc_touristique\rest_api\Type_bienController.java
C:\Users\tshis\IdeaProjects\rdc_touristique\src\main\java\com\example\rdc_touristique\business\service\BienService.java
C:\Users\tshis\IdeaProjects\rdc_touristique\src\main\java\com\example\rdc_touristique\business\service\PassWordService.java
C:\Users\tshis\IdeaProjects\rdc_touristique\src\main\java\com\example\rdc_touristique\business\dto\PayPalRDTO.java
C:\Users\tshis\IdeaProjects\rdc_touristique\src\main\java\com\example\rdc_touristique\rest_api\PersonneController.java
C:\Users\tshis\IdeaProjects\rdc_touristique\src\main\java\com\example\rdc_touristique\data_access\entity\Type.java
C:\Users\tshis\IdeaProjects\rdc_touristique\src\main\java\com\example\rdc_touristique\business\service\AdressePersonneService.java
C:\Users\tshis\IdeaProjects\rdc_touristique\src\main\java\com\example\rdc_touristique\exeption\ContactUserExisteExeption.java
C:\Users\tshis\IdeaProjects\rdc_touristique\src\main\java\com\example\rdc_touristique\exeption\PersonneSimpleExisteExeption.java
C:\Users\tshis\IdeaProjects\rdc_touristique\src\main\java\com\example\rdc_touristique\business\service\CrudService.java
C:\Users\tshis\IdeaProjects\rdc_touristique\src\main\java\com\example\rdc_touristique\exeption\ActionExisteExeption.java
