com\example\rdc_touristique\business\mapper\BienVuSimplierMapper.class
com\example\rdc_touristique\data_access\repository\AdressUserReposytory.class
com\example\rdc_touristique\data_access\entity\Coordonnee.class
com\example\rdc_touristique\business\dto\ContactUserDTO.class
com\example\rdc_touristique\rest_api\model\container\ElementsContainer.class
com\example\rdc_touristique\data_access\entity\Aladisposition.class
com\example\rdc_touristique\data_access\entity\ContratLocation.class
com\example\rdc_touristique\data_access\entity\RolePersonne.class
com\example\rdc_touristique\rest_api\AdressUserController.class
com\example\rdc_touristique\security\config\constParam.class
com\example\rdc_touristique\security\config\SecurityConfigurer.class
com\example\rdc_touristique\Email\StringText.class
com\example\rdc_touristique\business\dto\ContratLocationDTO.class
com\example\rdc_touristique\business\mapper\Type_serviceMapper.class
com\example\rdc_touristique\business\mapper\ContratMisEnLigneMapper.class
com\example\rdc_touristique\data_access\entity\Bien.class
com\example\rdc_touristique\data_access\repository\InfoBancaireRepository.class
com\example\rdc_touristique\business\mapper\PersonneSimpleMaper.class
com\example\rdc_touristique\business\service\ContratMisEnLigneService.class
com\example\rdc_touristique\business\service\ProvinceService.class
com\example\rdc_touristique\data_access\entity\Service.class
com\example\rdc_touristique\business\dto\ServiceDTO.class
com\example\rdc_touristique\business\dto\Type_bienDTO.class
com\example\rdc_touristique\business\mapper\PersonneCreaMapper.class
com\example\rdc_touristique\business\service\ImageVilleService.class
com\example\rdc_touristique\business\service\TypeService.class
com\example\rdc_touristique\exeption\Lien_photoFoundExeption.class
com\example\rdc_touristique\exeption\AdressUserExisteExeption.class
com\example\rdc_touristique\business\dto\ProvinceVuDTO.class
com\example\rdc_touristique\data_access\repository\ImageProvinceRepository.class
com\example\rdc_touristique\data_access\entity\Type_bien.class
com\example\rdc_touristique\exeption\ServiceExisteExeption.class
com\example\rdc_touristique\business\mapper\BienMapper.class
com\example\rdc_touristique\business\service\CoordonneeService.class
com\example\rdc_touristique\business\dto\IdentifiedDTO.class
com\example\rdc_touristique\business\mapper\DetailsMapper.class
com\example\rdc_touristique\business\dto\EtatDemandeDTO.class
com\example\rdc_touristique\business\dto\MdpDTO.class
com\example\rdc_touristique\data_access\repository\ProvinceRepository.class
com\example\rdc_touristique\business\dto\AladispositionDTO.class
com\example\rdc_touristique\business\service\DocOfficielService.class
com\example\rdc_touristique\rest_api\Type_bienController.class
com\example\rdc_touristique\business\mapper\Type_bienMapper.class
com\example\rdc_touristique\business\service\PassWordService.class
com\example\rdc_touristique\business\mapper\PaysMapper.class
com\example\rdc_touristique\business\mapper\PersonneSimplifierMapper.class
com\example\rdc_touristique\exeption\ProvinceFoundExeption.class
com\example\rdc_touristique\data_access\repository\DetailsRepository.class
com\example\rdc_touristique\business\dto\BienDTO.class
com\example\rdc_touristique\exeption\PersonneInfoExisteExeption.class
com\example\rdc_touristique\exeption\RollFoundExeption.class
com\example\rdc_touristique\exeption\InfoBancaireExisteExeption.class
com\example\rdc_touristique\exeption\PersonneSimplifierExisteExeption.class
com\example\rdc_touristique\business\service\InfoBancairePersonneService.class
com\example\rdc_touristique\data_access\entity\InfoBancairePersonne.class
com\example\rdc_touristique\security\config\JwtAuthenticationEntryPoint.class
com\example\rdc_touristique\business\dto\PassWordDTO.class
com\example\rdc_touristique\data_access\entity\Personne.class
com\example\rdc_touristique\business\service\PersonneService.class
com\example\rdc_touristique\business\mapper\ServiceMapper.class
com\example\rdc_touristique\exeption\PaysFoundExeption.class
com\example\rdc_touristique\business\mapper\ProvinceMapper.class
com\example\rdc_touristique\business\dto\DetailesDTO.class
com\example\rdc_touristique\business\service\BienService.class
com\example\rdc_touristique\data_access\repository\PassWordRepository.class
com\example\rdc_touristique\rest_api\PaysControlleur.class
com\example\rdc_touristique\rest_api\model\raport\ExistsRaport.class
com\example\rdc_touristique\exeption\PersonneSimpleExisteExeption.class
com\example\rdc_touristique\rest_api\edviser\ControlleurAdviser.class
com\example\rdc_touristique\data_access\entity\Details.class
com\example\rdc_touristique\security\config\JwtTokenUtil.class
com\example\rdc_touristique\RdcTouristiqueApplication.class
com\example\rdc_touristique\business\mapper\PersonneInfoMapper.class
com\example\rdc_touristique\exeption\TypeFoundExeption.class
com\example\rdc_touristique\business\mapper\PassWordMapper.class
com\example\rdc_touristique\exeption\CoordonneeFoundExeption.class
com\example\rdc_touristique\data_access\repository\TypeRepository.class
com\example\rdc_touristique\data_access\repository\ContratMisEnLigneRepository.class
com\example\rdc_touristique\business\dto\PaysDTO.class
com\example\rdc_touristique\business\service\AladispositionService.class
com\example\rdc_touristique\rest_api\TypeController.class
com\example\rdc_touristique\exeption\CoordonneeExisteExeption.class
com\example\rdc_touristique\exeption\ContratMisEnLigneExisteExeption.class
com\example\rdc_touristique\exeption\ServiceFoundExeption.class
com\example\rdc_touristique\data_access\repository\RollRepository.class
com\example\rdc_touristique\exeption\PassWordFoundExeption.class
com\example\rdc_touristique\exeption\PassWordExisteExeption.class
com\example\rdc_touristique\business\dto\BienVuDTO.class
com\example\rdc_touristique\security\config\JwtResponse.class
com\example\rdc_touristique\rest_api\model\raport\FoundRaport.class
com\example\rdc_touristique\data_access\repository\BienRepository.class
com\example\rdc_touristique\business\dto\CoordonneeDTO.class
com\example\rdc_touristique\data_access\entity\BaseEntity.class
com\example\rdc_touristique\data_access\repository\ContratLocationRepository.class
com\example\rdc_touristique\business\mapper\VilleMapper.class
com\example\rdc_touristique\exeption\ContratLocationExisteExeption.class
com\example\rdc_touristique\rest_api\BienController.class
com\example\rdc_touristique\data_access\repository\DocofficielRepository.class
com\example\rdc_touristique\business\dto\PersonneInfoDTO.class
com\example\rdc_touristique\business\dto\RollDTO.class
com\example\rdc_touristique\business\mapper\DocOfficielMapper.class
com\example\rdc_touristique\exeption\PaysExisteExeption.class
com\example\rdc_touristique\exeption\VilleExisteExeption.class
com\example\rdc_touristique\data_access\repository\AladispositionRepository.class
com\example\rdc_touristique\data_access\entity\Ville.class
com\example\rdc_touristique\data_access\repository\ContactUserRepository.class
com\example\rdc_touristique\exeption\BienExisteExeption.class
com\example\rdc_touristique\business\dto\DureeOnLineDTO.class
com\example\rdc_touristique\exeption\ContactUserFoundExeption.class
com\example\rdc_touristique\security\config\JwtRequest.class
com\example\rdc_touristique\business\dto\ActionDTO.class
com\example\rdc_touristique\business\dto\PersonneSimplifierDTO.class
com\example\rdc_touristique\exeption\ProvinceExisteExeption.class
com\example\rdc_touristique\exeption\Type_bienFoundExeption.class
com\example\rdc_touristique\business\dto\ModifPassDTO.class
com\example\rdc_touristique\business\mapper\ContactUserMapper.class
com\example\rdc_touristique\business\mapper\ImageModelMapper.class
com\example\rdc_touristique\business\dto\Type_serviceDTO.class
com\example\rdc_touristique\business\service\RollPersonneService.class
com\example\rdc_touristique\business\dto\BienVuSimplifierDTO.class
com\example\rdc_touristique\data_access\entity\ImageVille.class
com\example\rdc_touristique\rest_api\DocOfficielController.class
com\example\rdc_touristique\data_access\repository\ImageRepository.class
com\example\rdc_touristique\data_access\entity\DocOfficielPersonne.class
com\example\rdc_touristique\data_access\entity\AdressePersonne.class
com\example\rdc_touristique\exeption\Type_bienExisteExeption.class
com\example\rdc_touristique\business\mapper\BienVuMapper.class
com\example\rdc_touristique\business\mapper\AladispositionMapper.class
com\example\rdc_touristique\exeption\TypeExisteExeption.class
com\example\rdc_touristique\business\dto\ImageVilleDTO$ImageVilleDTOBuilder.class
com\example\rdc_touristique\business\service\ImageModelService.class
com\example\rdc_touristique\business\dto\LikeBienDTO.class
com\example\rdc_touristique\business\service\ServiceService.class
com\example\rdc_touristique\business\dto\TryListAllBiens.class
com\example\rdc_touristique\business\dto\PersonneVuDTO.class
com\example\rdc_touristique\data_access\entity\ContactPersonne.class
com\example\rdc_touristique\data_access\repository\Action_persone.class
com\example\rdc_touristique\exeption\ElementAlreadyExistsException.class
com\example\rdc_touristique\business\mapper\AdressUserMapper.class
com\example\rdc_touristique\data_access\repository\PaysRepository.class
com\example\rdc_touristique\exeption\ContratMisEnLigneFoundExeption.class
com\example\rdc_touristique\rest_api\ImageProvinceController.class
com\example\rdc_touristique\data_access\entity\Province.class
com\example\rdc_touristique\business\dto\CreatPersonneDTO.class
com\example\rdc_touristique\business\dto\ImageModelDTO$ImageModelDTOBuilder.class
com\example\rdc_touristique\business\mapper\RollMapper.class
com\example\rdc_touristique\data_access\repository\PersonneReposytory.class
com\example\rdc_touristique\data_access\entity\Pays.class
com\example\rdc_touristique\rest_api\ContratMisEnLigneController.class
com\example\rdc_touristique\data_access\entity\ContratMisEnLigne.class
com\example\rdc_touristique\exeption\DureeLocationFoundExeption.class
com\example\rdc_touristique\business\dto\ContratMisEnLigneDTO.class
com\example\rdc_touristique\exeption\Lien_photoExisteExeption.class
com\example\rdc_touristique\business\dto\ReservationBienDTO.class
com\example\rdc_touristique\business\mapper\CoordonneeMapper.class
com\example\rdc_touristique\contrat\TextContrat.class
com\example\rdc_touristique\business\dto\ImageProvinceDTO.class
com\example\rdc_touristique\exeption\PersonneInfoFoundExeption.class
com\example\rdc_touristique\business\dto\PersonneSimpleDTO.class
com\example\rdc_touristique\rest_api\model\raport\ElementRapport.class
com\example\rdc_touristique\business\dto\InfoBancaireDTO.class
com\example\rdc_touristique\business\service\CrudService.class
com\example\rdc_touristique\business\dto\FavoryDTO.class
com\example\rdc_touristique\business\dto\VilleDTO.class
com\example\rdc_touristique\data_access\repository\ServiceRepository.class
com\example\rdc_touristique\rest_api\VilleController.class
com\example\rdc_touristique\business\dto\ImageModelDTO.class
com\example\rdc_touristique\business\dto\AdressUserDTO.class
com\example\rdc_touristique\data_access\repository\ImageVilleRepository.class
com\example\rdc_touristique\exeption\ContactUserExisteExeption.class
com\example\rdc_touristique\Email\EngistrementEmail.class
com\example\rdc_touristique\exeption\RollExisteExeption.class
com\example\rdc_touristique\rest_api\ServiceController.class
com\example\rdc_touristique\rest_api\ProvinceController.class
com\example\rdc_touristique\business\service\AdressePersonneService.class
com\example\rdc_touristique\exeption\ActionFoundExeption.class
com\example\rdc_touristique\data_access\entity\ImageProvince.class
com\example\rdc_touristique\rest_api\ContactUserController.class
com\example\rdc_touristique\exeption\PersonneSimpleFoundExeption.class
com\example\rdc_touristique\business\mapper\ContratLocationMapper.class
com\example\rdc_touristique\data_access\entity\PassWord.class
com\example\rdc_touristique\business\service\ContactPersonneService.class
com\example\rdc_touristique\business\dto\DocOfficielDTO.class
com\example\rdc_touristique\data_access\entity\ImageBien.class
com\example\rdc_touristique\business\service\PaysService.class
com\example\rdc_touristique\rest_api\ImageUploadController.class
com\example\rdc_touristique\business\dto\PayPalRDTO.class
com\example\rdc_touristique\rest_api\AbstratCrudController.class
com\example\rdc_touristique\exeption\FoundExeption.class
com\example\rdc_touristique\business\dto\ProvinceDTO.class
com\example\rdc_touristique\data_access\repository\VilleRepository.class
com\example\rdc_touristique\exeption\ElementFoundException.class
com\example\rdc_touristique\exeption\BienFoundExeption.class
com\example\rdc_touristique\exeption\VilleFoundExeption.class
com\example\rdc_touristique\business\dto\DocOfficielDTO$DocOfficielDTOBuilder.class
com\example\rdc_touristique\data_access\repository\CoordonneeRepository.class
com\example\rdc_touristique\business\dto\VilleVuDTO.class
com\example\rdc_touristique\business\service\VilleService.class
com\example\rdc_touristique\exeption\ContratLocationFoundExeption.class
com\example\rdc_touristique\data_access\repository\Type_bienRepository.class
com\example\rdc_touristique\business\dto\PayPalDTO.class
com\example\rdc_touristique\business\dto\DetailsDTO.class
com\example\rdc_touristique\exeption\ActionExisteExeption.class
com\example\rdc_touristique\business\mapper\InfoBancaireMapper.class
com\example\rdc_touristique\rest_api\CrudController.class
com\example\rdc_touristique\rest_api\InfoBancaireController.class
com\example\rdc_touristique\business\dto\ImageVilleDTO.class
com\example\rdc_touristique\exeption\DureeLocationExisteExeption.class
com\example\rdc_touristique\business\service\ImageProvinceService.class
com\example\rdc_touristique\business\mapper\ProvinceVuMapper.class
com\example\rdc_touristique\exeption\InfoBancaireFoundExeption.class
com\example\rdc_touristique\rest_api\ImageVilleController.class
com\example\rdc_touristique\rest_api\PersonneController.class
com\example\rdc_touristique\exeption\AdressUserFoundExeption.class
com\example\rdc_touristique\rest_api\CoordonneeController.class
com\example\rdc_touristique\business\service\Type_bienService.class
com\example\rdc_touristique\business\mapper\VilleVuMapper.class
com\example\rdc_touristique\security\config\JwtRequestFilter.class
com\example\rdc_touristique\business\mapper\Mapper.class
com\example\rdc_touristique\data_access\entity\Type.class
com\example\rdc_touristique\security\config\JwtUserDetailsService.class
com\example\rdc_touristique\business\dto\ImageProvinceDTO$ImageProvinceDTOBuilder.class
com\example\rdc_touristique\exeption\PersonneSimplifierFoundExeption.class
